// Jest Snapshot v1, https://goo.gl/fbAQLP

exports[`Pruebas sobre el componente GifItem Debe hace match con el snapshot 1`] = `
<div>
  <div
    class="card"
  >
    <img
      alt="Redeña, ara sí"
      src="https://"
    />
    <p>
      Redeña, ara sí
    </p>
    <button>
      delete
    </button>
  </div>
</div>
`;
